
> studio-admin@2.0.0 build C:\Projects\educatedplanet\admin
> next build

 ⚠ Warning: Next.js inferred your workspace root, but it may not be correct.
 We detected multiple lockfiles and selected the directory of C:\Projects\educatedplanet\pnpm-lock.yaml as the root directory.
 To silence this warning, set `turbopack.root` in your Next.js config, or consider removing one of the lockfiles if it's not needed.
   See https://nextjs.org/docs/app/api-reference/config/next-config-js/turbopack#root-directory for more information.
 Detected additional lockfiles: 
   * C:\Projects\educatedplanet\admin\package-lock.json

   ▲ Next.js 16.0.1 (Turbopack)
   - Environments: .env.local

   Creating an optimized production build ...
 ✓ Compiled successfully in 26.8s
   Running TypeScript ...
   Collecting page data ...
   Generating static pages (0/18) ...
   Generating static pages (4/18) 
   Generating static pages (8/18) 
   Generating static pages (13/18) 
 ✓ Generating static pages (18/18) in 1413.7ms
   Finalizing page optimization ...

Route (app)
┌ ƒ /
├ ƒ /_not-found
├ ƒ /api/dashboard
├ ƒ /api/tutors
├ ƒ /api/users
├ ƒ /api/users/[id]
├ ƒ /auth/v1/login
├ ƒ /auth/v1/register
├ ƒ /auth/v2/login
├ ƒ /auth/v2/register
├ ƒ /dashboard
├ ƒ /dashboard/[...not-found]
├ ƒ /dashboard/coming-soon
├ ƒ /dashboard/crm
├ ƒ /dashboard/default
├ ƒ /dashboard/finance
├ ƒ /dashboard/users
└ ƒ /unauthorized


ƒ  (Dynamic)  server-rendered on demand

